Microsoft Windows [Version 10.0.10586]
(c) 2015 Microsoft Corporation. All rights reserved.

C:\Users\Angelicarodriguez>gema install cucumber
'gema' is not recognized as an internal or external command,
operable program or batch file.

C:\Users\Angelicarodriguez>gem install cucumber
ERROR:  While executing gem ... (Gem::RemoteFetcher::FetchError)
    Errno::ETIMEDOUT: A connection attempt failed because the connected party did not properly respond after a period of time, or established connection failed because connected host has failed to respond. - connect(2) for "rubygems.global.ssl.fastly.net" port 443 (https://api.rubygems.org/quick/Marshal.4.8/cucumber-2.4.0.gemspec.rz)

C:\Users\Angelicarodriguez>gem install cucumber
ERROR:  While executing gem ... (Gem::RemoteFetcher::FetchError)
    Errno::ETIMEDOUT: A connection attempt failed because the connected party did not properly respond after a period of time, or established connection failed because connected host has failed to respond. - connect(2) for "rubygems.global.ssl.fastly.net" port 443 (https://api.rubygems.org/quick/Marshal.4.8/cucumber-2.4.0.gemspec.rz)

C:\Users\Angelicarodriguez>gem install cucumber
ERROR:  While executing gem ... (Gem::RemoteFetcher::FetchError)
    Errno::ETIMEDOUT: A connection attempt failed because the connected party did not properly respond after a period of time, or established connection failed because connected host has failed to respond. - connect(2) for "rubygems.global.ssl.fastly.net" port 443 (https://api.rubygems.org/quick/Marshal.4.8/cucumber-2.4.0.gemspec.rz)

C:\Users\Angelicarodriguez>gem install cucumber
ERROR:  While executing gem ... (Gem::RemoteFetcher::FetchError)
    Errno::ETIMEDOUT: A connection attempt failed because the connected party did not properly respond after a period of time, or established connection failed because connected host has failed to respond. - connect(2) for "rubygems.global.ssl.fastly.net" port 443 (https://api.rubygems.org/quick/Marshal.4.8/cucumber-2.4.0.gemspec.rz)

C:\Users\Angelicarodriguez>gem install cucumber
Fetching: cucumber-wire-0.0.1.gem (100%)
Successfully installed cucumber-wire-0.0.1
Fetching: multi_test-0.1.2.gem (100%)
Successfully installed multi_test-0.1.2
Fetching: multi_json-1.12.1.gem (100%)
Successfully installed multi_json-1.12.1
Fetching: gherkin-4.0.0.gem (100%)
Successfully installed gherkin-4.0.0
Fetching: diff-lcs-1.2.5.gem (100%)
Successfully installed diff-lcs-1.2.5
Fetching: builder-3.2.2.gem (100%)
Successfully installed builder-3.2.2
Fetching: cucumber-core-1.5.0.gem (100%)
Successfully installed cucumber-core-1.5.0
Fetching: cucumber-2.4.0.gem (100%)
Successfully installed cucumber-2.4.0
Parsing documentation for cucumber-wire-0.0.1
Installing ri documentation for cucumber-wire-0.0.1
Parsing documentation for multi_test-0.1.2
Installing ri documentation for multi_test-0.1.2
Parsing documentation for multi_json-1.12.1
Installing ri documentation for multi_json-1.12.1
Parsing documentation for gherkin-4.0.0
Installing ri documentation for gherkin-4.0.0
Parsing documentation for diff-lcs-1.2.5
Installing ri documentation for diff-lcs-1.2.5
Parsing documentation for builder-3.2.2
Installing ri documentation for builder-3.2.2
Parsing documentation for cucumber-core-1.5.0
Installing ri documentation for cucumber-core-1.5.0
Parsing documentation for cucumber-2.4.0
Installing ri documentation for cucumber-2.4.0
Done installing documentation for cucumber-wire, multi_test, multi_json, gherkin, diff-lcs, builder, cucumber-core, cucumber after 17 seconds
8 gems installed

C:\Users\Angelicarodriguez>gem list

*** LOCAL GEMS ***

bigdecimal (1.2.6)
builder (3.2.2)
cucumber (2.4.0)
cucumber-core (1.5.0)
cucumber-wire (0.0.1)
diff-lcs (1.2.5)
gherkin (4.0.0)
io-console (0.4.3)
json (1.8.1)
minitest (5.4.3)
multi_json (1.12.1)
multi_test (0.1.2)
power_assert (0.2.2)
psych (2.0.8)
rake (10.4.2)
rdoc (4.2.0)
test-unit (3.0.8)

C:\Users\Angelicarodriguez>gem_name --version
'gem_name' is not recognized as an internal or external command,
operable program or batch file.

C:\Users\Angelicarodriguez>
C:\Users\Angelicarodriguez>gem search -l cucumber

*** LOCAL GEMS ***

cucumber (2.4.0)
cucumber-core (1.5.0)
cucumber-wire (0.0.1)

C:\Users\Angelicarodriguez>gem list cucumber 224

*** LOCAL GEMS ***

cucumber (2.4.0)
cucumber-core (1.5.0)
cucumber-wire (0.0.1)

*** LOCAL GEMS ***



C:\Users\Angelicarodriguez>gem list cucumber 2.4

*** LOCAL GEMS ***

cucumber (2.4.0)
cucumber-core (1.5.0)
cucumber-wire (0.0.1)

*** LOCAL GEMS ***



C:\Users\Angelicarodriguez>gem list

*** LOCAL GEMS ***

bigdecimal (1.2.6)
builder (3.2.2)
cucumber (2.4.0)
cucumber-core (1.5.0)
cucumber-wire (0.0.1)
diff-lcs (1.2.5)
gherkin (4.0.0)
io-console (0.4.3)
json (1.8.1)
minitest (5.4.3)
multi_json (1.12.1)
multi_test (0.1.2)
power_assert (0.2.2)
psych (2.0.8)
rake (10.4.2)
rdoc (4.2.0)
test-unit (3.0.8)

C:\Users\Angelicarodriguez>